************************************************************************
pyfao56: FAO-56 Evapotranspiration in Python
Output Data
Timestamp: 04/18/2024 11:00:41
Simulation start date: 04/11/2024
Simulation end date: 04/17/2024
Soil method: D - Default FAO-56 homogenous soil bucket approach
************************************************************************
Comments: 2024 basil previous test
************************************************************************
Year-DOY  Year  DOY  DOW      Date  ETref  tKcb   Kcb     h Kcmax    fc    fw   few      De    Kr    Ke      E     DPe    Kc    ETc     TAW TAWrmax    TAWb    Zr     p     RAW    Ks Kcadj ETcadj      T      DP    Dinc      Dr     fDr   Drmax  fDrmax      Db     fDb   Irrig    Rain  Year  DOY  DOW      Date
2024-102  2024  102  Thu  04/11/24  2.695 0.400 0.400 0.100 1.200 0.000 1.000 1.000  12.573 0.000 0.000  0.000   0.000 0.400  1.078   4.000 -99.999 -99.999 0.050 0.557   2.228 0.000 0.000  0.000  0.000   0.000 -99.999   4.000   1.000 -99.999 -99.999 -99.999 -99.999   0.000   0.000  2024  102  Thu  04/11/24
2024-103  2024  103  Fri  04/12/24  2.954 0.400 0.400 0.100 1.193 0.000 1.000 1.000  12.573 0.000 0.000  0.000   0.000 0.400  1.182   4.000 -99.999 -99.999 0.050 0.553   2.211 0.000 0.000  0.000  0.000   0.000 -99.999   4.000   1.000 -99.999 -99.999 -99.999 -99.999   0.000   0.000  2024  103  Fri  04/12/24
2024-104  2024  104  Sat  04/13/24  3.373 0.400 0.400 0.100 1.209 0.000 1.000 1.000  12.573 0.000 0.000  0.000   0.000 0.400  1.349   4.000 -99.999 -99.999 0.050 0.546   2.184 0.000 0.000  0.000  0.000   0.000 -99.999   4.000   1.000 -99.999 -99.999 -99.999 -99.999   0.000   0.000  2024  104  Sat  04/13/24
2024-105  2024  105  Sun  04/14/24  2.965 0.400 0.400 0.100 1.185 0.000 1.000 1.000  12.573 0.000 0.000  0.000   0.000 0.400  1.186   4.000 -99.999 -99.999 0.050 0.553   2.210 0.000 0.000  0.000  0.000   0.000 -99.999   4.000   1.000 -99.999 -99.999 -99.999 -99.999   0.000   0.000  2024  105  Sun  04/14/24
2024-106  2024  106  Mon  04/15/24  1.645 0.400 0.400 0.100 1.187 0.000 1.000 1.000  10.973 0.000 0.000  0.000   0.000 0.400  0.658   4.000 -99.999 -99.999 0.050 0.574   2.295 0.000 0.000  0.000  0.000   0.000 -99.999   2.400   0.600 -99.999 -99.999 -99.999 -99.999   0.000   1.600  2024  106  Mon  04/15/24
2024-107  2024  107  Tue  04/16/24  1.973 0.400 0.400 0.100 1.168 0.000 1.000 1.000  10.903 0.350 0.269  0.530   0.000 0.669  1.319   4.000 -99.999 -99.999 0.050 0.547   2.189 0.945 0.647  1.276  0.746   0.000 -99.999   3.076   0.769 -99.999 -99.999 -99.999 -99.999   0.000   0.600  2024  107  Tue  04/16/24
2024-108  2024  108  Wed  04/17/24  1.344 0.400 0.400 0.100 1.154 0.000 1.000 1.000   0.973 0.365 0.275  0.370   0.000 0.675  0.907   4.000 -99.999 -99.999 0.050 0.564   2.255 0.705 0.557  0.749  0.379   6.475 -99.999   0.000   0.000 -99.999 -99.999 -99.999 -99.999   0.000  10.300  2024  108  Wed  04/17/24